// Jest Snapshot v1, https://goo.gl/fbAQLP

exports[`components/cloud_start_trial_btn/cloud_start_trial_btn should match snapshot 1`] = `
<Provider
  store={
    Object {
      "clearActions": [Function],
      "dispatch": [Function],
      "getActions": [Function],
      "getState": [Function],
      "replaceReducer": [Function],
      "subscribe": [Function],
    }
  }
>
  <DownGradeTeamRemovalModal
    product_id="prod_starter"
  >
    <Modal
      animation={true}
      aria-labelledby="downgradeTeamRemovalModalTitle"
      aria-modal="true"
      autoFocus={true}
      backdrop={true}
      bsClass="modal"
      className="DowngradeTeamRemovalModal"
      data-testid="downgradeTeamRemovalModal"
      dialogClassName="a11y__modal"
      dialogComponentClass={[Function]}
      enforceFocus={true}
      id="downgradeTeamRemovalModal"
      keyboard={true}
      manager={
        ModalManager {
          "add": [Function],
          "containers": Array [],
          "data": Array [],
          "handleContainerOverflow": true,
          "hideSiblingNodes": true,
          "isTopModal": [Function],
          "modals": Array [],
          "remove": [Function],
        }
      }
      onExited={[Function]}
      onHide={[Function]}
      renderBackdrop={[Function]}
      restoreFocus={true}
      role="dialog"
      show={false}
    >
      <Modal
        autoFocus={true}
        backdrop={true}
        backdropClassName="modal-backdrop"
        backdropTransition={[Function]}
        containerClassName="modal-open"
        enforceFocus={true}
        keyboard={true}
        manager={
          ModalManager {
            "add": [Function],
            "containers": Array [],
            "data": Array [],
            "handleContainerOverflow": true,
            "hideSiblingNodes": true,
            "isTopModal": [Function],
            "modals": Array [],
            "remove": [Function],
          }
        }
        onEntering={[Function]}
        onExited={[Function]}
        onHide={[Function]}
        renderBackdrop={[Function]}
        restoreFocus={true}
        show={false}
        transition={[Function]}
      />
    </Modal>
  </DownGradeTeamRemovalModal>
</Provider>
`;

exports[`components/pricing_modal/downgrade_team_removal_modal should match snapshot 1`] = `
<Provider
  store={
    Object {
      "clearActions": [Function],
      "dispatch": [Function],
      "getActions": [Function],
      "getState": [Function],
      "replaceReducer": [Function],
      "subscribe": [Function],
    }
  }
>
  <DownGradeTeamRemovalModal
    product_id="prod_starter"
  >
    <Modal
      animation={true}
      aria-labelledby="downgradeTeamRemovalModalTitle"
      aria-modal="true"
      autoFocus={true}
      backdrop={true}
      bsClass="modal"
      className="DowngradeTeamRemovalModal"
      data-testid="downgradeTeamRemovalModal"
      dialogClassName="a11y__modal"
      dialogComponentClass={[Function]}
      enforceFocus={true}
      id="downgradeTeamRemovalModal"
      keyboard={true}
      manager={
        ModalManager {
          "add": [Function],
          "containers": Array [],
          "data": Array [],
          "handleContainerOverflow": true,
          "hideSiblingNodes": true,
          "isTopModal": [Function],
          "modals": Array [],
          "remove": [Function],
        }
      }
      onExited={[Function]}
      onHide={[Function]}
      renderBackdrop={[Function]}
      restoreFocus={true}
      role="dialog"
      show={false}
    >
      <Modal
        autoFocus={true}
        backdrop={true}
        backdropClassName="modal-backdrop"
        backdropTransition={[Function]}
        containerClassName="modal-open"
        enforceFocus={true}
        keyboard={true}
        manager={
          ModalManager {
            "add": [Function],
            "containers": Array [],
            "data": Array [],
            "handleContainerOverflow": true,
            "hideSiblingNodes": true,
            "isTopModal": [Function],
            "modals": Array [],
            "remove": [Function],
          }
        }
        onEntering={[Function]}
        onExited={[Function]}
        onHide={[Function]}
        renderBackdrop={[Function]}
        restoreFocus={true}
        show={false}
        transition={[Function]}
      />
    </Modal>
  </DownGradeTeamRemovalModal>
</Provider>
`;
